Archive member included to satisfy reference by file (symbol)

c:/ac6/systemworkbench/plugins/fr.ac6.mcu.externaltools.arm-none.win32_1.17.0.201812190825/tools/compiler/bin/../lib/gcc/arm-none-eabi/7.3.1/../../../../arm-none-eabi/lib/thumb/v7-m\libc_nano.a(lib_a-errno.o)
                              Core/Src/syscalls.o (__errno)
c:/ac6/systemworkbench/plugins/fr.ac6.mcu.externaltools.arm-none.win32_1.17.0.201812190825/tools/compiler/bin/../lib/gcc/arm-none-eabi/7.3.1/../../../../arm-none-eabi/lib/thumb/v7-m\libc_nano.a(lib_a-exit.o)
                              c:/ac6/systemworkbench/plugins/fr.ac6.mcu.externaltools.arm-none.win32_1.17.0.201812190825/tools/compiler/bin/../lib/gcc/arm-none-eabi/7.3.1/../../../../arm-none-eabi/lib/thumb/v7-m/crt0.o (exit)
c:/ac6/systemworkbench/plugins/fr.ac6.mcu.externaltools.arm-none.win32_1.17.0.201812190825/tools/compiler/bin/../lib/gcc/arm-none-eabi/7.3.1/../../../../arm-none-eabi/lib/thumb/v7-m\libc_nano.a(lib_a-impure.o)
                              c:/ac6/systemworkbench/plugins/fr.ac6.mcu.externaltools.arm-none.win32_1.17.0.201812190825/tools/compiler/bin/../lib/gcc/arm-none-eabi/7.3.1/../../../../arm-none-eabi/lib/thumb/v7-m\libc_nano.a(lib_a-exit.o) (_global_impure_ptr)
c:/ac6/systemworkbench/plugins/fr.ac6.mcu.externaltools.arm-none.win32_1.17.0.201812190825/tools/compiler/bin/../lib/gcc/arm-none-eabi/7.3.1/../../../../arm-none-eabi/lib/thumb/v7-m\libc_nano.a(lib_a-init.o)
                              c:/ac6/systemworkbench/plugins/fr.ac6.mcu.externaltools.arm-none.win32_1.17.0.201812190825/tools/compiler/bin/../lib/gcc/arm-none-eabi/7.3.1/../../../../arm-none-eabi/lib/thumb/v7-m/crt0.o (__libc_init_array)
c:/ac6/systemworkbench/plugins/fr.ac6.mcu.externaltools.arm-none.win32_1.17.0.201812190825/tools/compiler/bin/../lib/gcc/arm-none-eabi/7.3.1/../../../../arm-none-eabi/lib/thumb/v7-m\libc_nano.a(lib_a-memcpy-stub.o)
                              Middlewares/Third_Party/FreeRTOS/Source/CMSIS_RTOS_V2/cmsis_os2.o (memcpy)
c:/ac6/systemworkbench/plugins/fr.ac6.mcu.externaltools.arm-none.win32_1.17.0.201812190825/tools/compiler/bin/../lib/gcc/arm-none-eabi/7.3.1/../../../../arm-none-eabi/lib/thumb/v7-m\libc_nano.a(lib_a-memset.o)
                              c:/ac6/systemworkbench/plugins/fr.ac6.mcu.externaltools.arm-none.win32_1.17.0.201812190825/tools/compiler/bin/../lib/gcc/arm-none-eabi/7.3.1/../../../../arm-none-eabi/lib/thumb/v7-m/crt0.o (memset)

Allocating common symbols
Common symbol       size              file

defaultTaskHandle   0x4               Core/Src/main.o
hcan                0x28              Core/Src/main.o
uwTick              0x4               Drivers/STM32F1xx_HAL_Driver/Src/stm32f1xx_hal.o
xQueueRegistry      0x40              Middlewares/Third_Party/FreeRTOS/Source/queue.o
pFlash              0x20              Drivers/STM32F1xx_HAL_Driver/Src/stm32f1xx_hal_flash.o
hadc1               0x30              Core/Src/main.o
DMSHandle           0x4               Core/Src/main.o
CANHandle           0x4               Core/Src/main.o
TxData              0x8               Core/Src/main.o
htim1               0x40              Core/Src/stm32f1xx_hal_timebase_tim.o
TxMailbox           0x4               Core/Src/main.o
LEDStripsHandle     0x4               Core/Src/main.o
RxData              0x8               Core/Src/main.o
TxMessage           0x18              Core/Src/main.o
RxMessage           0x1c              Core/Src/main.o

Discarded input sections

 .text          0x00000000        0x0 c:/ac6/systemworkbench/plugins/fr.ac6.mcu.externaltools.arm-none.win32_1.17.0.201812190825/tools/compiler/bin/../lib/gcc/arm-none-eabi/7.3.1/thumb/v7-m/crti.o
 .data          0x00000000        0x0 c:/ac6/systemworkbench/plugins/fr.ac6.mcu.externaltools.arm-none.win32_1.17.0.201812190825/tools/compiler/bin/../lib/gcc/arm-none-eabi/7.3.1/thumb/v7-m/crti.o
 .bss           0x00000000        0x0 c:/ac6/systemworkbench/plugins/fr.ac6.mcu.externaltools.arm-none.win32_1.17.0.201812190825/tools/compiler/bin/../lib/gcc/arm-none-eabi/7.3.1/thumb/v7-m/crti.o
 .data          0x00000000        0x4 c:/ac6/systemworkbench/plugins/fr.ac6.mcu.externaltools.arm-none.win32_1.17.0.201812190825/tools/compiler/bin/../lib/gcc/arm-none-eabi/7.3.1/thumb/v7-m/crtbegin.o
 .text          0x00000000       0x74 c:/ac6/systemworkbench/plugins/fr.ac6.mcu.externaltools.arm-none.win32_1.17.0.201812190825/tools/compiler/bin/../lib/gcc/arm-none-eabi/7.3.1/../../../../arm-none-eabi/lib/thumb/v7-m/crt0.o
 .data          0x00000000        0x0 c:/ac6/systemworkbench/plugins/fr.ac6.mcu.externaltools.arm-none.win32_1.17.0.201812190825/tools/compiler/bin/../lib/gcc/arm-none-eabi/7.3.1/../../../../arm-none-eabi/lib/thumb/v7-m/crt0.o
 .bss           0x00000000        0x0 c:/ac6/systemworkbench/plugins/fr.ac6.mcu.externaltools.arm-none.win32_1.17.0.201812190825/tools/compiler/bin/../lib/gcc/arm-none-eabi/7.3.1/../../../../arm-none-eabi/lib/thumb/v7-m/crt0.o
[...]
Memory Configuration

Name             Origin             Length             Attributes
RAM              0x20000000         0x00005000         xrw
FLASH            0x08000000         0x00010000         xr
*default*        0x00000000         0xffffffff

Linker script and memory map

LOAD c:/ac6/systemworkbench/plugins/fr.ac6.mcu.externaltools.arm-none.win32_1.17.0.201812190825/tools/compiler/bin/../lib/gcc/arm-none-eabi/7.3.1/thumb/v7-m/crti.o
LOAD c:/ac6/systemworkbench/plugins/fr.ac6.mcu.externaltools.arm-none.win32_1.17.0.201812190825/tools/compiler/bin/../lib/gcc/arm-none-eabi/7.3.1/thumb/v7-m/crtbegin.o
LOAD c:/ac6/systemworkbench/plugins/fr.ac6.mcu.externaltools.arm-none.win32_1.17.0.201812190825/tools/compiler/bin/../lib/gcc/arm-none-eabi/7.3.1/../../../../arm-none-eabi/lib/thumb/v7-m/crt0.o
LOAD Core/Src/freertos.o
LOAD Core/Src/main.o
LOAD Core/Src/stm32f1xx_hal_msp.o
LOAD Core/Src/stm32f1xx_hal_timebase_tim.o
LOAD Core/Src/stm32f1xx_it.o
LOAD Core/Src/syscalls.o
LOAD Core/Src/system_stm32f1xx.o
LOAD Drivers/STM32F1xx_HAL_Driver/Src/stm32f1xx_hal.o
LOAD Drivers/STM32F1xx_HAL_Driver/Src/stm32f1xx_hal_adc.o
LOAD Drivers/STM32F1xx_HAL_Driver/Src/stm32f1xx_hal_adc_ex.o
LOAD Drivers/STM32F1xx_HAL_Driver/Src/stm32f1xx_hal_can.o
LOAD Drivers/STM32F1xx_HAL_Driver/Src/stm32f1xx_hal_cortex.o
LOAD Drivers/STM32F1xx_HAL_Driver/Src/stm32f1xx_hal_dma.o
LOAD Drivers/STM32F1xx_HAL_Driver/Src/stm32f1xx_hal_exti.o
LOAD Drivers/STM32F1xx_HAL_Driver/Src/stm32f1xx_hal_flash.o
LOAD Drivers/STM32F1xx_HAL_Driver/Src/stm32f1xx_hal_flash_ex.o
LOAD Drivers/STM32F1xx_HAL_Driver/Src/stm32f1xx_hal_gpio.o
LOAD Drivers/STM32F1xx_HAL_Driver/Src/stm32f1xx_hal_gpio_ex.o
LOAD Drivers/STM32F1xx_HAL_Driver/Src/stm32f1xx_hal_pwr.o
LOAD Drivers/STM32F1xx_HAL_Driver/Src/stm32f1xx_hal_rcc.o
LOAD Drivers/STM32F1xx_HAL_Driver/Src/stm32f1xx_hal_rcc_ex.o
LOAD Drivers/STM32F1xx_HAL_Driver/Src/stm32f1xx_hal_tim.o
LOAD Drivers/STM32F1xx_HAL_Driver/Src/stm32f1xx_hal_tim_ex.o
LOAD Middlewares/Third_Party/FreeRTOS/Source/CMSIS_RTOS_V2/cmsis_os2.o
LOAD Middlewares/Third_Party/FreeRTOS/Source/croutine.o
LOAD Middlewares/Third_Party/FreeRTOS/Source/event_groups.o
LOAD Middlewares/Third_Party/FreeRTOS/Source/list.o
LOAD Middlewares/Third_Party/FreeRTOS/Source/queue.o
LOAD Middlewares/Third_Party/FreeRTOS/Source/stream_buffer.o
LOAD Middlewares/Third_Party/FreeRTOS/Source/tasks.o
LOAD Middlewares/Third_Party/FreeRTOS/Source/timers.o
LOAD Middlewares/Third_Party/FreeRTOS/Source/portable/GCC/ARM_CM3/port.o
LOAD Middlewares/Third_Party/FreeRTOS/Source/portable/MemMang/heap_4.o
LOAD startup/startup_stm32f103xb.o
LOAD c:/ac6/systemworkbench/plugins/fr.ac6.mcu.externaltools.arm-none.win32_1.17.0.201812190825/tools/compiler/bin/../lib/gcc/arm-none-eabi/7.3.1/../../../../arm-none-eabi/lib/thumb/v7-m\libm.a
START GROUP
LOAD c:/ac6/systemworkbench/plugins/fr.ac6.mcu.externaltools.arm-none.win32_1.17.0.201812190825/tools/compiler/bin/../lib/gcc/arm-none-eabi/7.3.1/thumb/v7-m\libgcc.a
LOAD c:/ac6/systemworkbench/plugins/fr.ac6.mcu.externaltools.arm-none.win32_1.17.0.201812190825/tools/compiler/bin/../lib/gcc/arm-none-eabi/7.3.1/../../../../arm-none-eabi/lib/thumb/v7-m\libc_nano.a
END GROUP
START GROUP
LOAD c:/ac6/systemworkbench/plugins/fr.ac6.mcu.externaltools.arm-none.win32_1.17.0.201812190825/tools/compiler/bin/../lib/gcc/arm-none-eabi/7.3.1/thumb/v7-m\libgcc.a
LOAD c:/ac6/systemworkbench/plugins/fr.ac6.mcu.externaltools.arm-none.win32_1.17.0.201812190825/tools/compiler/bin/../lib/gcc/arm-none-eabi/7.3.1/../../../../arm-none-eabi/lib/thumb/v7-m\libc_nano.a
LOAD c:/ac6/systemworkbench/plugins/fr.ac6.mcu.externaltools.arm-none.win32_1.17.0.201812190825/tools/compiler/bin/../lib/gcc/arm-none-eabi/7.3.1/../../../../arm-none-eabi/lib/thumb/v7-m\libnosys.a
END GROUP
START GROUP
LOAD c:/ac6/systemworkbench/plugins/fr.ac6.mcu.externaltools.arm-none.win32_1.17.0.201812190825/tools/compiler/bin/../lib/gcc/arm-none-eabi/7.3.1/thumb/v7-m\libgcc.a
LOAD c:/ac6/systemworkbench/plugins/fr.ac6.mcu.externaltools.arm-none.win32_1.17.0.201812190825/tools/compiler/bin/../lib/gcc/arm-none-eabi/7.3.1/../../../../arm-none-eabi/lib/thumb/v7-m\libc_nano.a
LOAD c:/ac6/systemworkbench/plugins/fr.ac6.mcu.externaltools.arm-none.win32_1.17.0.201812190825/tools/compiler/bin/../lib/gcc/arm-none-eabi/7.3.1/../../../../arm-none-eabi/lib/thumb/v7-m\libnosys.a
END GROUP
LOAD c:/ac6/systemworkbench/plugins/fr.ac6.mcu.externaltools.arm-none.win32_1.17.0.201812190825/tools/compiler/bin/../lib/gcc/arm-none-eabi/7.3.1/thumb/v7-m/crtend.o
LOAD c:/ac6/systemworkbench/plugins/fr.ac6.mcu.externaltools.arm-none.win32_1.17.0.201812190825/tools/compiler/bin/../lib/gcc/arm-none-eabi/7.3.1/thumb/v7-m/crtn.o
                0x20005000                _estack = 0x20005000
                0x00000200                _Min_Heap_Size = 0x200
                0x00000400                _Min_Stack_Size = 0x400

.isr_vector     0x08000000      0x10c
                0x08000000                . = ALIGN (0x4)
 *(.isr_vector)
 .isr_vector    0x08000000      0x10c startup/startup_stm32f103xb.o
                0x08000000                g_pfnVectors
                0x0800010c                . = ALIGN (0x4)

.text           0x08000110     0x3370
                0x08000110                . = ALIGN (0x4)
 *(.text)
 .text          0x08000110       0x40 c:/ac6/systemworkbench/plugins/fr.ac6.mcu.externaltools.arm-none.win32_1.17.0.201812190825/tools/compiler/bin/../lib/gcc/arm-none-eabi/7.3.1/thumb/v7-m/crtbegin.o
 *(.text*)
 .text.MX_GPIO_Init
                0x08000150       0x30 Core/Src/main.o
 .text.MX_ADC1_Init
                0x08000180       0x44 Core/Src/main.o
 .text.MX_CAN_Init
                0x080001c4       0x30 Core/Src/main.o
 .text.StartDefaultTask
                0x080001f4        0xa Core/Src/main.o
                0x080001f4                StartDefaultTask
 .text.StartLEDStrips
                0x080001fe        0xa Core/Src/main.o
                0x080001fe                StartLEDStrips
 .text.StartDMS
                0x08000208        0xa Core/Src/main.o
                0x08000208                StartDMS
 *fill*         0x08000212        0x2 
 .text.StartCAN
                0x08000214       0x34 Core/Src/main.o
                0x08000214                StartCAN
 .text.SystemClock_Config
                0x08000248       0x66 Core/Src/main.o
                0x08000248                SystemClock_Config
 *fill*         0x080002ae        0x2 
 .text.main     0x080002b0       0xdc Core/Src/main.o
                0x080002b0                main
 .text.HAL_TIM_PeriodElapsedCallback
                0x0800038c       0x18 Core/Src/main.o
                0x0800038c                HAL_TIM_PeriodElapsedCallback
 .text.HAL_MspInit
                0x080003a4       0x50 Core/Src/stm32f1xx_hal_msp.o
                0x080003a4                HAL_MspInit
 .text.HAL_ADC_MspInit
                0x080003f4       0x60 Core/Src/stm32f1xx_hal_msp.o
                0x080003f4                HAL_ADC_MspInit
 .text.HAL_CAN_MspInit
                0x08000454       0x78 Core/Src/stm32f1xx_hal_msp.o
                0x08000454                HAL_CAN_MspInit
 .text.HAL_InitTick
                0x080004cc       0x78 Core/Src/stm32f1xx_hal_timebase_tim.o
                0x080004cc                HAL_InitTick
 .text.NMI_Handler
                0x08000544        0x2 Core/Src/stm32f1xx_it.o
                0x08000544                NMI_Handler
 .text.HardFault_Handler
                0x08000546        0x2 Core/Src/stm32f1xx_it.o
                0x08000546                HardFault_Handler
 .text.MemManage_Handler
                0x08000548        0x2 Core/Src/stm32f1xx_it.o
                0x08000548                MemManage_Handler
 .text.BusFault_Handler
                0x0800054a        0x2 Core/Src/stm32f1xx_it.o
                0x0800054a                BusFault_Handler
 .text.UsageFault_Handler
                0x0800054c        0x2 Core/Src/stm32f1xx_it.o
                0x0800054c                UsageFault_Handler
 .text.DebugMon_Handler
                0x0800054e        0x2 Core/Src/stm32f1xx_it.o
                0x0800054e                DebugMon_Handler
 .text.TIM1_UP_IRQHandler
                0x08000550       0x10 Core/Src/stm32f1xx_it.o
                0x08000550                TIM1_UP_IRQHandler
 .text.SystemInit
                0x08000560       0x4c Core/Src/system_stm32f1xx.o
                0x08000560                SystemInit
 .text.HAL_Init
                0x080005ac       0x24 Drivers/STM32F1xx_HAL_Driver/Src/stm32f1xx_hal.o
                0x080005ac                HAL_Init
 .text.HAL_IncTick
                0x080005d0       0x18 Drivers/STM32F1xx_HAL_Driver/Src/stm32f1xx_hal.o
                0x080005d0                HAL_IncTick
 .text.HAL_GetTick
                0x080005e8        0xc Drivers/STM32F1xx_HAL_Driver/Src/stm32f1xx_hal.o
                0x080005e8                HAL_GetTick
 .text.HAL_ADC_ConfigChannel
                0x080005f4      0x138 Drivers/STM32F1xx_HAL_Driver/Src/stm32f1xx_hal_adc.o
                0x080005f4                HAL_ADC_ConfigChannel
 .text.ADC_ConversionStop_Disable
                0x0800072c       0x4c Drivers/STM32F1xx_HAL_Driver/Src/stm32f1xx_hal_adc.o
                0x0800072c                ADC_ConversionStop_Disable
 .text.HAL_ADC_Init
                0x08000778      0x110 Drivers/STM32F1xx_HAL_Driver/Src/stm32f1xx_hal_adc.o
                0x08000778                HAL_ADC_Init
 .text.HAL_CAN_Init
                0x08000888      0x14c Drivers/STM32F1xx_HAL_Driver/Src/stm32f1xx_hal_can.o
                0x08000888                HAL_CAN_Init
 .text.HAL_CAN_Start
                0x080009d4       0x5c Drivers/STM32F1xx_HAL_Driver/Src/stm32f1xx_hal_can.o
                0x080009d4                HAL_CAN_Start
 .text.HAL_CAN_GetRxMessage
                0x08000a30      0x134 Drivers/STM32F1xx_HAL_Driver/Src/stm32f1xx_hal_can.o
                0x08000a30                HAL_CAN_GetRxMessage
 .text.HAL_CAN_ActivateNotification
                0x08000b64       0x24 Drivers/STM32F1xx_HAL_Driver/Src/stm32f1xx_hal_can.o
                0x08000b64                HAL_CAN_ActivateNotification
 .text.HAL_NVIC_SetPriorityGrouping
                0x08000b88       0x24 Drivers/STM32F1xx_HAL_Driver/Src/stm32f1xx_hal_cortex.o
                0x08000b88                HAL_NVIC_SetPriorityGrouping
 .text.HAL_NVIC_SetPriority
                0x08000bac       0x68 Drivers/STM32F1xx_HAL_Driver/Src/stm32f1xx_hal_cortex.o
                0x08000bac                HAL_NVIC_SetPriority
 .text.HAL_NVIC_EnableIRQ
                0x08000c14       0x1c Drivers/STM32F1xx_HAL_Driver/Src/stm32f1xx_hal_cortex.o
                0x08000c14                HAL_NVIC_EnableIRQ
 .text.HAL_GPIO_Init
                0x08000c30      0x1d8 Drivers/STM32F1xx_HAL_Driver/Src/stm32f1xx_hal_gpio.o
                0x08000c30                HAL_GPIO_Init
 .text.RCC_Delay
                0x08000e08       0x2c Drivers/STM32F1xx_HAL_Driver/Src/stm32f1xx_hal_rcc.o
 .text.HAL_RCC_OscConfig
                0x08000e34      0x410 Drivers/STM32F1xx_HAL_Driver/Src/stm32f1xx_hal_rcc.o
                0x08000e34                HAL_RCC_OscConfig
 .text.HAL_RCC_GetSysClockFreq
                0x08001244       0x70 Drivers/STM32F1xx_HAL_Driver/Src/stm32f1xx_hal_rcc.o
                0x08001244                HAL_RCC_GetSysClockFreq
 .text.HAL_RCC_ClockConfig
                0x080012b4      0x168 Drivers/STM32F1xx_HAL_Driver/Src/stm32f1xx_hal_rcc.o
                0x080012b4                HAL_RCC_ClockConfig
 .text.HAL_RCC_GetHCLKFreq
                0x0800141c        0xc Drivers/STM32F1xx_HAL_Driver/Src/stm32f1xx_hal_rcc.o
                0x0800141c                HAL_RCC_GetHCLKFreq
 .text.HAL_RCC_GetPCLK2Freq
                0x08001428       0x20 Drivers/STM32F1xx_HAL_Driver/Src/stm32f1xx_hal_rcc.o
                0x08001428                HAL_RCC_GetPCLK2Freq
 .text.HAL_RCC_GetClockConfig
                0x08001448       0x3c Drivers/STM32F1xx_HAL_Driver/Src/stm32f1xx_hal_rcc.o
                0x08001448                HAL_RCC_GetClockConfig
 .text.HAL_RCCEx_PeriphCLKConfig
                0x08001484      0x114 Drivers/STM32F1xx_HAL_Driver/Src/stm32f1xx_hal_rcc_ex.o
                0x08001484                HAL_RCCEx_PeriphCLKConfig
 .text.HAL_TIM_Base_MspInit
                0x08001598        0x2 Drivers/STM32F1xx_HAL_Driver/Src/stm32f1xx_hal_tim.o
                0x08001598                HAL_TIM_Base_MspInit
 .text.HAL_TIM_Base_Start_IT
                0x0800159a       0x22 Drivers/STM32F1xx_HAL_Driver/Src/stm32f1xx_hal_tim.o
                0x0800159a                HAL_TIM_Base_Start_IT
 .text.HAL_TIM_OC_DelayElapsedCallback
                0x080015bc        0x2 Drivers/STM32F1xx_HAL_Driver/Src/stm32f1xx_hal_tim.o
                0x080015bc                HAL_TIM_OC_DelayElapsedCallback
 .text.HAL_TIM_IC_CaptureCallback
                0x080015be        0x2 Drivers/STM32F1xx_HAL_Driver/Src/stm32f1xx_hal_tim.o
                0x080015be                HAL_TIM_IC_CaptureCallback
 .text.HAL_TIM_PWM_PulseFinishedCallback
                0x080015c0        0x2 Drivers/STM32F1xx_HAL_Driver/Src/stm32f1xx_hal_tim.o
                0x080015c0                HAL_TIM_PWM_PulseFinishedCallback
 .text.HAL_TIM_TriggerCallback
                0x080015c2        0x2 Drivers/STM32F1xx_HAL_Driver/Src/stm32f1xx_hal_tim.o
                0x080015c2                HAL_TIM_TriggerCallback
 .text.HAL_TIM_IRQHandler
                0x080015c4      0x17a Drivers/STM32F1xx_HAL_Driver/Src/stm32f1xx_hal_tim.o
                0x080015c4                HAL_TIM_IRQHandler
 *fill*         0x0800173e        0x2 
 .text.TIM_Base_SetConfig
                0x08001740       0x74 Drivers/STM32F1xx_HAL_Driver/Src/stm32f1xx_hal_tim.o
                0x08001740                TIM_Base_SetConfig
 .text.HAL_TIM_Base_Init
                0x080017b4       0x32 Drivers/STM32F1xx_HAL_Driver/Src/stm32f1xx_hal_tim.o
                0x080017b4                HAL_TIM_Base_Init
 .text.HAL_TIMEx_CommutCallback
                0x080017e6        0x2 Drivers/STM32F1xx_HAL_Driver/Src/stm32f1xx_hal_tim_ex.o
                0x080017e6                HAL_TIMEx_CommutCallback
 .text.HAL_TIMEx_BreakCallback
                0x080017e8        0x2 Drivers/STM32F1xx_HAL_Driver/Src/stm32f1xx_hal_tim_ex.o
                0x080017e8                HAL_TIMEx_BreakCallback
 *fill*         0x080017ea        0x2 
 .text.osKernelInitialize
                0x080017ec       0x44 Middlewares/Third_Party/FreeRTOS/Source/CMSIS_RTOS_V2/cmsis_os2.o
                0x080017ec                osKernelInitialize
 .text.osKernelStart
                0x08001830       0x4c Middlewares/Third_Party/FreeRTOS/Source/CMSIS_RTOS_V2/cmsis_os2.o
                0x08001830                osKernelStart
 .text.osThreadNew
                0x0800187c       0xe8 Middlewares/Third_Party/FreeRTOS/Source/CMSIS_RTOS_V2/cmsis_os2.o
                0x0800187c                osThreadNew
 .text.osDelay  0x08001964       0x44 Middlewares/Third_Party/FreeRTOS/Source/CMSIS_RTOS_V2/cmsis_os2.o
                0x08001964                osDelay
 .text.vApplicationGetIdleTaskMemory
                0x080019a8       0x18 Middlewares/Third_Party/FreeRTOS/Source/CMSIS_RTOS_V2/cmsis_os2.o
                0x080019a8                vApplicationGetIdleTaskMemory
 .text.vApplicationGetTimerTaskMemory
                0x080019c0       0x20 Middlewares/Third_Party/FreeRTOS/Source/CMSIS_RTOS_V2/cmsis_os2.o
                0x080019c0                vApplicationGetTimerTaskMemory
 .text.vListInitialise
                0x080019e0       0x16 Middlewares/Third_Party/FreeRTOS/Source/list.o
                0x080019e0                vListInitialise
 .text.vListInitialiseItem
                0x080019f6        0x6 Middlewares/Third_Party/FreeRTOS/Source/list.o
                0x080019f6                vListInitialiseItem
 .text.vListInsertEnd
                0x080019fc       0x18 Middlewares/Third_Party/FreeRTOS/Source/list.o
                0x080019fc                vListInsertEnd
 .text.vListInsert
                0x08001a14       0x34 Middlewares/Third_Party/FreeRTOS/Source/list.o
                0x08001a14                vListInsert
 .text.uxListRemove
                0x08001a48       0x28 Middlewares/Third_Party/FreeRTOS/Source/list.o
                0x08001a48                uxListRemove
 .text.prvIsQueueFull
                0x08001a70       0x1e Middlewares/Third_Party/FreeRTOS/Source/queue.o
 .text.prvIsQueueEmpty
                0x08001a8e       0x1a Middlewares/Third_Party/FreeRTOS/Source/queue.o
 .text.prvCopyDataToQueue
                0x08001aa8       0x76 Middlewares/Third_Party/FreeRTOS/Source/queue.o
 .text.prvCopyDataFromQueue
                0x08001b1e       0x24 Middlewares/Third_Party/FreeRTOS/Source/queue.o
 .text.prvUnlockQueue
                0x08001b42       0x6e Middlewares/Third_Party/FreeRTOS/Source/queue.o
 .text.xQueueGenericReset
                0x08001bb0       0x84 Middlewares/Third_Party/FreeRTOS/Source/queue.o
                0x08001bb0                xQueueGenericReset
 .text.prvInitialiseNewQueue
                0x08001c34       0x22 Middlewares/Third_Party/FreeRTOS/Source/queue.o
 .text.xQueueGenericCreateStatic
                0x08001c56       0x90 Middlewares/Third_Party/FreeRTOS/Source/queue.o
                0x08001c56                xQueueGenericCreateStatic
 *fill*         0x08001ce6        0x2 
 .text.xQueueGenericSend
                0x08001ce8      0x17c Middlewares/Third_Party/FreeRTOS/Source/queue.o
                0x08001ce8                xQueueGenericSend
 .text.xQueueGenericSendFromISR
                0x08001e64       0xcc Middlewares/Third_Party/FreeRTOS/Source/queue.o
                0x08001e64                xQueueGenericSendFromISR
 .text.xQueueReceive
                0x08001f30      0x158 Middlewares/Third_Party/FreeRTOS/Source/queue.o
                0x08001f30                xQueueReceive
 .text.vQueueAddToRegistry
                0x08002088       0x28 Middlewares/Third_Party/FreeRTOS/Source/queue.o
                0x08002088                vQueueAddToRegistry
 .text.vQueueWaitForMessageRestricted
                0x080020b0       0x52 Middlewares/Third_Party/FreeRTOS/Source/queue.o
                0x080020b0                vQueueWaitForMessageRestricted
 *fill*         0x08002102        0x2 
 .text.prvResetNextTaskUnblockTime
                0x08002104       0x24 Middlewares/Third_Party/FreeRTOS/Source/tasks.o
 .text.prvInitialiseNewTask
                0x08002128       0x90 Middlewares/Third_Party/FreeRTOS/Source/tasks.o
 .text.prvInitialiseTaskLists
                0x080021b8       0x58 Middlewares/Third_Party/FreeRTOS/Source/tasks.o
 .text.prvAddNewTaskToReadyList
                0x08002210       0xb0 Middlewares/Third_Party/FreeRTOS/Source/tasks.o
 .text.prvDeleteTCB
                0x080022c0       0x38 Middlewares/Third_Party/FreeRTOS/Source/tasks.o
 .text.prvCheckTasksWaitingTermination
                0x080022f8       0x44 Middlewares/Third_Party/FreeRTOS/Source/tasks.o
 .text.prvIdleTask
                0x0800233c       0x28 Middlewares/Third_Party/FreeRTOS/Source/tasks.o
 .text.prvAddCurrentTaskToDelayedList
                0x08002364       0x6c Middlewares/Third_Party/FreeRTOS/Source/tasks.o
 .text.xTaskCreateStatic
                0x080023d0       0x72 Middlewares/Third_Party/FreeRTOS/Source/tasks.o
                0x080023d0                xTaskCreateStatic
 .text.xTaskCreate
                0x08002442       0x66 Middlewares/Third_Party/FreeRTOS/Source/tasks.o
                0x08002442                xTaskCreate
 .text.vTaskStartScheduler
                0x080024a8       0x8c Middlewares/Third_Party/FreeRTOS/Source/tasks.o
                0x080024a8                vTaskStartScheduler
 .text.vTaskSuspendAll
                0x08002534       0x14 Middlewares/Third_Party/FreeRTOS/Source/tasks.o
                0x08002534                vTaskSuspendAll
 .text.xTaskGetTickCount
                0x08002548        0xc Middlewares/Third_Party/FreeRTOS/Source/tasks.o
                0x08002548                xTaskGetTickCount
 .text.xTaskIncrementTick
                0x08002554      0x10c Middlewares/Third_Party/FreeRTOS/Source/tasks.o
                0x08002554                xTaskIncrementTick
 .text.xTaskResumeAll
                0x08002660       0xf0 Middlewares/Third_Party/FreeRTOS/Source/tasks.o
                0x08002660                xTaskResumeAll
 .text.vTaskDelay
                0x08002750       0x4c Middlewares/Third_Party/FreeRTOS/Source/tasks.o
                0x08002750                vTaskDelay
 .text.vTaskSwitchContext
                0x0800279c       0x90 Middlewares/Third_Party/FreeRTOS/Source/tasks.o
                0x0800279c                vTaskSwitchContext
 .text.vTaskPlaceOnEventList
                0x0800282c       0x34 Middlewares/Third_Party/FreeRTOS/Source/tasks.o
                0x0800282c                vTaskPlaceOnEventList
 .text.vTaskPlaceOnEventListRestricted
                0x08002860       0x3c Middlewares/Third_Party/FreeRTOS/Source/tasks.o
                0x08002860                vTaskPlaceOnEventListRestricted
 .text.xTaskRemoveFromEventList
                0x0800289c       0x88 Middlewares/Third_Party/FreeRTOS/Source/tasks.o
                0x0800289c                xTaskRemoveFromEventList
 .text.vTaskInternalSetTimeOutState
                0x08002924       0x14 Middlewares/Third_Party/FreeRTOS/Source/tasks.o
                0x08002924                vTaskInternalSetTimeOutState
 .text.xTaskCheckForTimeOut
                0x08002938       0x80 Middlewares/Third_Party/FreeRTOS/Source/tasks.o
                0x08002938                xTaskCheckForTimeOut
 .text.vTaskMissedYield
                0x080029b8       0x10 Middlewares/Third_Party/FreeRTOS/Source/tasks.o
                0x080029b8                vTaskMissedYield
 .text.xTaskGetSchedulerState
                0x080029c8       0x20 Middlewares/Third_Party/FreeRTOS/Source/tasks.o
                0x080029c8                xTaskGetSchedulerState
 .text.xTaskPriorityDisinherit
                0x080029e8       0x90 Middlewares/Third_Party/FreeRTOS/Source/tasks.o
                0x080029e8                xTaskPriorityDisinherit
 .text.prvGetNextExpireTime
                0x08002a78       0x20 Middlewares/Third_Party/FreeRTOS/Source/timers.o
 .text.prvInsertTimerInActiveList
                0x08002a98       0x44 Middlewares/Third_Party/FreeRTOS/Source/timers.o
 .text.prvCheckForValidListAndQueue
                0x08002adc       0x5c Middlewares/Third_Party/FreeRTOS/Source/timers.o
 .text.xTimerCreateTimerTask
                0x08002b38       0x64 Middlewares/Third_Party/FreeRTOS/Source/timers.o
                0x08002b38                xTimerCreateTimerTask
 .text.xTimerGenericCommand
                0x08002b9c       0x6c Middlewares/Third_Party/FreeRTOS/Source/timers.o
                0x08002b9c                xTimerGenericCommand
 .text.prvSwitchTimerLists
                0x08002c08       0x88 Middlewares/Third_Party/FreeRTOS/Source/timers.o
 .text.prvSampleTimeNow
                0x08002c90       0x30 Middlewares/Third_Party/FreeRTOS/Source/timers.o
 .text.prvProcessExpiredTimer
                0x08002cc0       0x60 Middlewares/Third_Party/FreeRTOS/Source/timers.o
 .text.prvProcessTimerOrBlockTask
                0x08002d20       0x70 Middlewares/Third_Party/FreeRTOS/Source/timers.o
 .text.prvProcessReceivedCommands
                0x08002d90       0xfc Middlewares/Third_Party/FreeRTOS/Source/timers.o
 .text.prvTimerTask
                0x08002e8c       0x16 Middlewares/Third_Party/FreeRTOS/Source/timers.o
 *fill*         0x08002ea2        0x2 
 .text.prvTaskExitError
                0x08002ea4       0x40 Middlewares/Third_Party/FreeRTOS/Source/portable/GCC/ARM_CM3/port.o
 .text.prvPortStartFirstTask
                0x08002ee4       0x20 Middlewares/Third_Party/FreeRTOS/Source/portable/GCC/ARM_CM3/port.o
 .text.pxPortInitialiseStack
                0x08002f04       0x24 Middlewares/Third_Party/FreeRTOS/Source/portable/GCC/ARM_CM3/port.o
                0x08002f04                pxPortInitialiseStack
 *fill*         0x08002f28        0x8 
 .text.SVC_Handler
                0x08002f30       0x24 Middlewares/Third_Party/FreeRTOS/Source/portable/GCC/ARM_CM3/port.o
                0x08002f30                SVC_Handler
 .text.vPortEnterCritical
                0x08002f54       0x44 Middlewares/Third_Party/FreeRTOS/Source/portable/GCC/ARM_CM3/port.o
                0x08002f54                vPortEnterCritical
 .text.vPortExitCritical
                0x08002f98       0x2c Middlewares/Third_Party/FreeRTOS/Source/portable/GCC/ARM_CM3/port.o
                0x08002f98                vPortExitCritical
 *fill*         0x08002fc4        0xc 
 .text.PendSV_Handler
                0x08002fd0       0x44 Middlewares/Third_Party/FreeRTOS/Source/portable/GCC/ARM_CM3/port.o
                0x08002fd0                PendSV_Handler
 .text.SysTick_Handler
                0x08003014       0x2c Middlewares/Third_Party/FreeRTOS/Source/portable/GCC/ARM_CM3/port.o
                0x08003014                SysTick_Handler
 .text.vPortSetupTimerInterrupt
                0x08003040       0x38 Middlewares/Third_Party/FreeRTOS/Source/portable/GCC/ARM_CM3/port.o
                0x08003040                vPortSetupTimerInterrupt
 .text.xPortStartScheduler
                0x08003078       0xb4 Middlewares/Third_Party/FreeRTOS/Source/portable/GCC/ARM_CM3/port.o
                0x08003078                xPortStartScheduler
 .text.vPortValidateInterruptPriority
                0x0800312c       0x58 Middlewares/Third_Party/FreeRTOS/Source/portable/GCC/ARM_CM3/port.o
                0x0800312c                vPortValidateInterruptPriority
 .text.prvHeapInit
                0x08003184       0x54 Middlewares/Third_Party/FreeRTOS/Source/portable/MemMang/heap_4.o
 .text.prvInsertBlockIntoFreeList
                0x080031d8       0x58 Middlewares/Third_Party/FreeRTOS/Source/portable/MemMang/heap_4.o
 .text.pvPortMalloc
                0x08003230      0x10c Middlewares/Third_Party/FreeRTOS/Source/portable/MemMang/heap_4.o
                0x08003230                pvPortMalloc
 .text.vPortFree
                0x0800333c       0x70 Middlewares/Third_Party/FreeRTOS/Source/portable/MemMang/heap_4.o
                0x0800333c                vPortFree
 .text.Reset_Handler
                0x080033ac       0x48 startup/startup_stm32f103xb.o
                0x080033ac                Reset_Handler
 .text.Default_Handler
                0x080033f4        0x2 startup/startup_stm32f103xb.o
                0x080033f4                RTC_Alarm_IRQHandler
                0x080033f4                EXTI2_IRQHandler
                0x080033f4                TIM1_CC_IRQHandler
                0x080033f4                PVD_IRQHandler
                0x080033f4                EXTI3_IRQHandler
                0x080033f4                EXTI0_IRQHandler
                0x080033f4                I2C2_EV_IRQHandler
                0x080033f4                ADC1_2_IRQHandler
                0x080033f4                SPI1_IRQHandler
                0x080033f4                TAMPER_IRQHandler
                0x080033f4                DMA1_Channel4_IRQHandler
                0x080033f4                USART3_IRQHandler
                0x080033f4                RTC_IRQHandler
                0x080033f4                DMA1_Channel7_IRQHandler
                0x080033f4                CAN1_RX1_IRQHandler
                0x080033f4                TIM4_IRQHandler
                0x080033f4                I2C1_EV_IRQHandler
                0x080033f4                DMA1_Channel6_IRQHandler
                0x080033f4                TIM3_IRQHandler
                0x080033f4                RCC_IRQHandler
                0x080033f4                TIM1_TRG_COM_IRQHandler
                0x080033f4                DMA1_Channel1_IRQHandler
                0x080033f4                Default_Handler
                0x080033f4                EXTI15_10_IRQHandler
                0x080033f4                EXTI9_5_IRQHandler
                0x080033f4                SPI2_IRQHandler
                0x080033f4                DMA1_Channel5_IRQHandler
                0x080033f4                EXTI4_IRQHandler
                0x080033f4                USB_LP_CAN1_RX0_IRQHandler
                0x080033f4                USB_HP_CAN1_TX_IRQHandler
                0x080033f4                DMA1_Channel3_IRQHandler
                0x080033f4                WWDG_IRQHandler
                0x080033f4                TIM2_IRQHandler
                0x080033f4                TIM1_BRK_IRQHandler
                0x080033f4                EXTI1_IRQHandler
                0x080033f4                USART2_IRQHandler
                0x080033f4                I2C2_ER_IRQHandler
                0x080033f4                DMA1_Channel2_IRQHandler
                0x080033f4                CAN1_SCE_IRQHandler
                0x080033f4                FLASH_IRQHandler
                0x080033f4                USART1_IRQHandler
                0x080033f4                I2C1_ER_IRQHandler
                0x080033f4                USBWakeUp_IRQHandler
 *fill*         0x080033f6        0x2 
 .text.__libc_init_array
                0x080033f8       0x48 c:/ac6/systemworkbench/plugins/fr.ac6.mcu.externaltools.arm-none.win32_1.17.0.201812190825/tools/compiler/bin/../lib/gcc/arm-none-eabi/7.3.1/../../../../arm-none-eabi/lib/thumb/v7-m\libc_nano.a(lib_a-init.o)
                0x080033f8                __libc_init_array
 .text.memcpy   0x08003440       0x16 c:/ac6/systemworkbench/plugins/fr.ac6.mcu.externaltools.arm-none.win32_1.17.0.201812190825/tools/compiler/bin/../lib/gcc/arm-none-eabi/7.3.1/../../../../arm-none-eabi/lib/thumb/v7-m\libc_nano.a(lib_a-memcpy-stub.o)
                0x08003440                memcpy
 .text.memset   0x08003456       0x10 c:/ac6/systemworkbench/plugins/fr.ac6.mcu.externaltools.arm-none.win32_1.17.0.201812190825/tools/compiler/bin/../lib/gcc/arm-none-eabi/7.3.1/../../../../arm-none-eabi/lib/thumb/v7-m\libc_nano.a(lib_a-memset.o)
                0x08003456                memset
 *(.glue_7)
 .glue_7        0x08003466        0x0 linker stubs
 *(.glue_7t)
 .glue_7t       0x08003466        0x0 linker stubs
 *(.eh_frame)
 *fill*         0x08003466        0x2 
 .eh_frame      0x08003468        0x0 c:/ac6/systemworkbench/plugins/fr.ac6.mcu.externaltools.arm-none.win32_1.17.0.201812190825/tools/compiler/bin/../lib/gcc/arm-none-eabi/7.3.1/thumb/v7-m/crtbegin.o
 *(.init)
 .init          0x08003468        0x4 c:/ac6/systemworkbench/plugins/fr.ac6.mcu.externaltools.arm-none.win32_1.17.0.201812190825/tools/compiler/bin/../lib/gcc/arm-none-eabi/7.3.1/thumb/v7-m/crti.o
                0x08003468                _init
 .init          0x0800346c        0x8 c:/ac6/systemworkbench/plugins/fr.ac6.mcu.externaltools.arm-none.win32_1.17.0.201812190825/tools/compiler/bin/../lib/gcc/arm-none-eabi/7.3.1/thumb/v7-m/crtn.o
 *(.fini)
 .fini          0x08003474        0x4 c:/ac6/systemworkbench/plugins/fr.ac6.mcu.externaltools.arm-none.win32_1.17.0.201812190825/tools/compiler/bin/../lib/gcc/arm-none-eabi/7.3.1/thumb/v7-m/crti.o
                0x08003474                _fini
 .fini          0x08003478        0x8 c:/ac6/systemworkbench/plugins/fr.ac6.mcu.externaltools.arm-none.win32_1.17.0.201812190825/tools/compiler/bin/../lib/gcc/arm-none-eabi/7.3.1/thumb/v7-m/crtn.o
                0x08003480                . = ALIGN (0x4)
                0x08003480                _etext = .

.vfp11_veneer   0x08003480        0x0
 .vfp11_veneer  0x08003480        0x0 linker stubs

.v4_bx          0x08003480        0x0
 .v4_bx         0x08003480        0x0 linker stubs

.iplt           0x08003480        0x0
 .iplt          0x08003480        0x0 c:/ac6/systemworkbench/plugins/fr.ac6.mcu.externaltools.arm-none.win32_1.17.0.201812190825/tools/compiler/bin/../lib/gcc/arm-none-eabi/7.3.1/thumb/v7-m/crtbegin.o

.rodata         0x08003480       0x64
                0x08003480                . = ALIGN (0x4)
 *(.rodata)
 .rodata        0x08003480       0x18 Core/Src/system_stm32f1xx.o
                0x08003480                AHBPrescTable
                0x08003490                APBPrescTable
 .rodata        0x08003498       0x12 Drivers/STM32F1xx_HAL_Driver/Src/stm32f1xx_hal_rcc.o
 *(.rodata*)
 *fill*         0x080034aa        0x2 
 .rodata.str1.4
                0x080034ac       0x20 Core/Src/main.o
 .rodata.str1.4
                0x080034cc        0x5 Middlewares/Third_Party/FreeRTOS/Source/tasks.o
 *fill*         0x080034d1        0x3 
 .rodata.str1.4
                0x080034d4       0x10 Middlewares/Third_Party/FreeRTOS/Source/timers.o
                0x080034e4                . = ALIGN (0x4)

.rel.dyn        0x080034e4        0x0
 .rel.iplt      0x080034e4        0x0 c:/ac6/systemworkbench/plugins/fr.ac6.mcu.externaltools.arm-none.win32_1.17.0.201812190825/tools/compiler/bin/../lib/gcc/arm-none-eabi/7.3.1/thumb/v7-m/crtbegin.o

.ARM.extab
 *(.ARM.extab* .gnu.linkonce.armextab.*)

.ARM            0x080034e4        0x0
                0x080034e4                __exidx_start = .
 *(.ARM.exidx*)
                0x080034e4                __exidx_end = .

.preinit_array  0x080034e4        0x0
                0x080034e4                PROVIDE (__preinit_array_start = .)
 *(.preinit_array*)
                0x080034e4                PROVIDE (__preinit_array_end = .)

.init_array     0x080034e4        0x4
                0x080034e4                PROVIDE (__init_array_start = .)
 *(SORT_BY_NAME(.init_array.*))
 *(.init_array*)
 .init_array    0x080034e4        0x4 c:/ac6/systemworkbench/plugins/fr.ac6.mcu.externaltools.arm-none.win32_1.17.0.201812190825/tools/compiler/bin/../lib/gcc/arm-none-eabi/7.3.1/thumb/v7-m/crtbegin.o
                0x080034e8                PROVIDE (__init_array_end = .)

.fini_array     0x080034e8        0x4
                [!provide]                PROVIDE (__fini_array_start = .)
 *(SORT_BY_NAME(.fini_array.*))
 *(.fini_array*)
 .fini_array    0x080034e8        0x4 c:/ac6/systemworkbench/plugins/fr.ac6.mcu.externaltools.arm-none.win32_1.17.0.201812190825/tools/compiler/bin/../lib/gcc/arm-none-eabi/7.3.1/thumb/v7-m/crtbegin.o
                [!provide]                PROVIDE (__fini_array_end = .)
                0x080034ec                _sidata = LOADADDR (.data)

.data           0x20000000       0x10 load address 0x080034ec
                0x20000000                . = ALIGN (0x4)
                0x20000000                _sdata = .
 *(.data)
 .data          0x20000000        0x4 Core/Src/system_stm32f1xx.o
                0x20000000                SystemCoreClock
 .data          0x20000004        0x8 Drivers/STM32F1xx_HAL_Driver/Src/stm32f1xx_hal.o
                0x20000004                uwTickFreq
                0x20000008                uwTickPrio
 .data          0x2000000c        0x4 Middlewares/Third_Party/FreeRTOS/Source/portable/GCC/ARM_CM3/port.o
 *(.data*)
                0x20000010                . = ALIGN (0x4)
                0x20000010                _edata = .

.igot.plt       0x20000010        0x0 load address 0x080034fc
 .igot.plt      0x20000010        0x0 c:/ac6/systemworkbench/plugins/fr.ac6.mcu.externaltools.arm-none.win32_1.17.0.201812190825/tools/compiler/bin/../lib/gcc/arm-none-eabi/7.3.1/thumb/v7-m/crtbegin.o
                0x20000010                . = ALIGN (0x4)

.bss            0x20000010     0x1a54 load address 0x080034fc
                0x20000010                _sbss = .
                0x20000010                __bss_start__ = _sbss
 *(.bss)
 .bss           0x20000010       0x1c c:/ac6/systemworkbench/plugins/fr.ac6.mcu.externaltools.arm-none.win32_1.17.0.201812190825/tools/compiler/bin/../lib/gcc/arm-none-eabi/7.3.1/thumb/v7-m/crtbegin.o
 .bss           0x2000002c      0x6bc Middlewares/Third_Party/FreeRTOS/Source/CMSIS_RTOS_V2/cmsis_os2.o
 .bss           0x200006e8      0x4fc Middlewares/Third_Party/FreeRTOS/Source/tasks.o
                0x20000bbc                pxCurrentTCB
 .bss           0x20000be4      0x12c Middlewares/Third_Party/FreeRTOS/Source/timers.o
 .bss           0x20000d10        0x8 Middlewares/Third_Party/FreeRTOS/Source/portable/GCC/ARM_CM3/port.o
 .bss           0x20000d18      0xc18 Middlewares/Third_Party/FreeRTOS/Source/portable/MemMang/heap_4.o
 *(.bss*)
 *(COMMON)
 COMMON         0x20001930       0xb0 Core/Src/main.o
                0x20001930                defaultTaskHandle
                0x20001934                hcan
                0x2000195c                hadc1
                0x2000198c                DMSHandle
                0x20001990                CANHandle
                0x20001994                TxData
                0x2000199c                TxMailbox
                0x200019a0                LEDStripsHandle
                0x200019a4                RxData
                0x200019ac                TxMessage
                0x200019c4                RxMessage
 COMMON         0x200019e0       0x40 Core/Src/stm32f1xx_hal_timebase_tim.o
                0x200019e0                htim1
 COMMON         0x20001a20        0x4 Drivers/STM32F1xx_HAL_Driver/Src/stm32f1xx_hal.o
                0x20001a20                uwTick
 COMMON         0x20001a24       0x40 Middlewares/Third_Party/FreeRTOS/Source/queue.o
                0x20001a24                xQueueRegistry
                0x20001a64                . = ALIGN (0x4)
                0x20001a64                _ebss = .
                0x20001a64                __bss_end__ = _ebss

._user_heap_stack
                0x20001a64      0x604 load address 0x080034fc
                0x20001a68                . = ALIGN (0x8)
 *fill*         0x20001a64        0x4 
                0x20001a68                PROVIDE (end = .)
                [!provide]                PROVIDE (_end = .)
                0x20001c68                . = (. + _Min_Heap_Size)
 *fill*         0x20001a68      0x200 
                0x20002068                . = (. + _Min_Stack_Size)
 *fill*         0x20001c68      0x400 
                0x20002068                . = ALIGN (0x8)

/DISCARD/
 libc.a(*)
 libm.a(*)
 libgcc.a(*)

.ARM.attributes
                0x00000000       0x29
 *(.ARM.attributes)
 .ARM.attributes
                0x00000000       0x1d c:/ac6/systemworkbench/plugins/fr.ac6.mcu.externaltools.arm-none.win32_1.17.0.201812190825/tools/compiler/bin/../lib/gcc/arm-none-eabi/7.3.1/thumb/v7-m/crti.o
 .ARM.attributes
                0x0000001d       0x2d c:/ac6/systemworkbench/plugins/fr.ac6.mcu.externaltools.arm-none.win32_1.17.0.201812190825/tools/compiler/bin/../lib/gcc/arm-none-eabi/7.3.1/thumb/v7-m/crtbegin.o
 .ARM.attributes
                0x0000004a       0x33 Core/Src/main.o
 .ARM.attributes
                0x0000007d       0x33 Core/Src/stm32f1xx_hal_msp.o
 .ARM.attributes
                0x000000b0       0x33 Core/Src/stm32f1xx_hal_timebase_tim.o
 .ARM.attributes
                0x000000e3       0x33 Core/Src/stm32f1xx_it.o
 .ARM.attributes
                0x00000116       0x33 Core/Src/system_stm32f1xx.o
 .ARM.attributes
                0x00000149       0x33 Drivers/STM32F1xx_HAL_Driver/Src/stm32f1xx_hal.o
 .ARM.attributes
                0x0000017c       0x33 Drivers/STM32F1xx_HAL_Driver/Src/stm32f1xx_hal_adc.o
 .ARM.attributes
                0x000001af       0x33 Drivers/STM32F1xx_HAL_Driver/Src/stm32f1xx_hal_can.o
 .ARM.attributes
                0x000001e2       0x33 Drivers/STM32F1xx_HAL_Driver/Src/stm32f1xx_hal_cortex.o
 .ARM.attributes
                0x00000215       0x33 Drivers/STM32F1xx_HAL_Driver/Src/stm32f1xx_hal_gpio.o
 .ARM.attributes
                0x00000248       0x33 Drivers/STM32F1xx_HAL_Driver/Src/stm32f1xx_hal_rcc.o
 .ARM.attributes
                0x0000027b       0x33 Drivers/STM32F1xx_HAL_Driver/Src/stm32f1xx_hal_rcc_ex.o
 .ARM.attributes
                0x000002ae       0x33 Drivers/STM32F1xx_HAL_Driver/Src/stm32f1xx_hal_tim.o
 .ARM.attributes
                0x000002e1       0x33 Drivers/STM32F1xx_HAL_Driver/Src/stm32f1xx_hal_tim_ex.o
 .ARM.attributes
                0x00000314       0x33 Middlewares/Third_Party/FreeRTOS/Source/CMSIS_RTOS_V2/cmsis_os2.o
 .ARM.attributes
                0x00000347       0x33 Middlewares/Third_Party/FreeRTOS/Source/list.o
 .ARM.attributes
                0x0000037a       0x33 Middlewares/Third_Party/FreeRTOS/Source/queue.o
 .ARM.attributes
                0x000003ad       0x33 Middlewares/Third_Party/FreeRTOS/Source/tasks.o
 .ARM.attributes
                0x000003e0       0x33 Middlewares/Third_Party/FreeRTOS/Source/timers.o
 .ARM.attributes
                0x00000413       0x33 Middlewares/Third_Party/FreeRTOS/Source/portable/GCC/ARM_CM3/port.o
 .ARM.attributes
                0x00000446       0x33 Middlewares/Third_Party/FreeRTOS/Source/portable/MemMang/heap_4.o
 .ARM.attributes
                0x00000479       0x21 startup/startup_stm32f103xb.o
 .ARM.attributes
                0x0000049a       0x2d c:/ac6/systemworkbench/plugins/fr.ac6.mcu.externaltools.arm-none.win32_1.17.0.201812190825/tools/compiler/bin/../lib/gcc/arm-none-eabi/7.3.1/../../../../arm-none-eabi/lib/thumb/v7-m\libc_nano.a(lib_a-init.o)
 .ARM.attributes
                0x000004c7       0x2d c:/ac6/systemworkbench/plugins/fr.ac6.mcu.externaltools.arm-none.win32_1.17.0.201812190825/tools/compiler/bin/../lib/gcc/arm-none-eabi/7.3.1/../../../../arm-none-eabi/lib/thumb/v7-m\libc_nano.a(lib_a-memcpy-stub.o)
 .ARM.attributes
                0x000004f4       0x2d c:/ac6/systemworkbench/plugins/fr.ac6.mcu.externaltools.arm-none.win32_1.17.0.201812190825/tools/compiler/bin/../lib/gcc/arm-none-eabi/7.3.1/../../../../arm-none-eabi/lib/thumb/v7-m\libc_nano.a(lib_a-memset.o)
 .ARM.attributes
                0x00000521       0x1d c:/ac6/systemworkbench/plugins/fr.ac6.mcu.externaltools.arm-none.win32_1.17.0.201812190825/tools/compiler/bin/../lib/gcc/arm-none-eabi/7.3.1/thumb/v7-m/crtn.o
OUTPUT(AdvancedElectricLongboard.elf elf32-littlearm)

.debug_info     0x00000000    0x1afce
 .debug_info    0x00000000     0x16a9 Core/Src/main.o
 .debug_info    0x000016a9      0xe32 Core/Src/stm32f1xx_hal_msp.o
 .debug_info    0x000024db      0x9ba Core/Src/stm32f1xx_hal_timebase_tim.o
 .debug_info    0x00002e95      0x686 Core/Src/stm32f1xx_it.o
 .debug_info    0x0000351b      0x436 Core/Src/system_stm32f1xx.o
 .debug_info    0x00003951      0x7a9 Drivers/STM32F1xx_HAL_Driver/Src/stm32f1xx_hal.o
 .debug_info    0x000040fa      0xe60 Drivers/STM32F1xx_HAL_Driver/Src/stm32f1xx_hal_adc.o
 .debug_info    0x00004f5a     0x1123 Drivers/STM32F1xx_HAL_Driver/Src/stm32f1xx_hal_can.o
 .debug_info    0x0000607d      0xcaa Drivers/STM32F1xx_HAL_Driver/Src/stm32f1xx_hal_cortex.o
 .debug_info    0x00006d27      0x690 Drivers/STM32F1xx_HAL_Driver/Src/stm32f1xx_hal_gpio.o
 .debug_info    0x000073b7      0x9e4 Drivers/STM32F1xx_HAL_Driver/Src/stm32f1xx_hal_rcc.o
 .debug_info    0x00007d9b      0x48c Drivers/STM32F1xx_HAL_Driver/Src/stm32f1xx_hal_rcc_ex.o
 .debug_info    0x00008227     0x3186 Drivers/STM32F1xx_HAL_Driver/Src/stm32f1xx_hal_tim.o
 .debug_info    0x0000b3ad     0x1496 Drivers/STM32F1xx_HAL_Driver/Src/stm32f1xx_hal_tim_ex.o
 .debug_info    0x0000c843     0x4b13 Middlewares/Third_Party/FreeRTOS/Source/CMSIS_RTOS_V2/cmsis_os2.o
 .debug_info    0x00011356      0xad2 Middlewares/Third_Party/FreeRTOS/Source/list.o
 .debug_info    0x00011e28     0x2c63 Middlewares/Third_Party/FreeRTOS/Source/queue.o
 .debug_info    0x00014a8b     0x3423 Middlewares/Third_Party/FreeRTOS/Source/tasks.o
 .debug_info    0x00017eae     0x1f82 Middlewares/Third_Party/FreeRTOS/Source/timers.o
 .debug_info    0x00019e30      0x50b Middlewares/Third_Party/FreeRTOS/Source/portable/GCC/ARM_CM3/port.o
 .debug_info    0x0001a33b      0xc71 Middlewares/Third_Party/FreeRTOS/Source/portable/MemMang/heap_4.o
 .debug_info    0x0001afac       0x22 startup/startup_stm32f103xb.o

.debug_abbrev   0x00000000     0x3379
 .debug_abbrev  0x00000000      0x2c2 Core/Src/main.o
 .debug_abbrev  0x000002c2      0x1f4 Core/Src/stm32f1xx_hal_msp.o
 .debug_abbrev  0x000004b6      0x1f0 Core/Src/stm32f1xx_hal_timebase_tim.o
 .debug_abbrev  0x000006a6      0x178 Core/Src/stm32f1xx_it.o
 .debug_abbrev  0x0000081e      0x134 Core/Src/system_stm32f1xx.o
 .debug_abbrev  0x00000952      0x1fe Drivers/STM32F1xx_HAL_Driver/Src/stm32f1xx_hal.o
 .debug_abbrev  0x00000b50      0x1ee Drivers/STM32F1xx_HAL_Driver/Src/stm32f1xx_hal_adc.o
 .debug_abbrev  0x00000d3e      0x245 Drivers/STM32F1xx_HAL_Driver/Src/stm32f1xx_hal_can.o
 .debug_abbrev  0x00000f83      0x303 Drivers/STM32F1xx_HAL_Driver/Src/stm32f1xx_hal_cortex.o
 .debug_abbrev  0x00001286      0x1de Drivers/STM32F1xx_HAL_Driver/Src/stm32f1xx_hal_gpio.o
 .debug_abbrev  0x00001464      0x257 Drivers/STM32F1xx_HAL_Driver/Src/stm32f1xx_hal_rcc.o
 .debug_abbrev  0x000016bb      0x1c9 Drivers/STM32F1xx_HAL_Driver/Src/stm32f1xx_hal_rcc_ex.o
 .debug_abbrev  0x00001884      0x237 Drivers/STM32F1xx_HAL_Driver/Src/stm32f1xx_hal_tim.o
 .debug_abbrev  0x00001abb      0x237 Drivers/STM32F1xx_HAL_Driver/Src/stm32f1xx_hal_tim_ex.o
 .debug_abbrev  0x00001cf2      0x434 Middlewares/Third_Party/FreeRTOS/Source/CMSIS_RTOS_V2/cmsis_os2.o
 .debug_abbrev  0x00002126      0x223 Middlewares/Third_Party/FreeRTOS/Source/list.o
 .debug_abbrev  0x00002349      0x3ce Middlewares/Third_Party/FreeRTOS/Source/queue.o
 .debug_abbrev  0x00002717      0x3a8 Middlewares/Third_Party/FreeRTOS/Source/tasks.o
 .debug_abbrev  0x00002abf      0x353 Middlewares/Third_Party/FreeRTOS/Source/timers.o
 .debug_abbrev  0x00002e12      0x23d Middlewares/Third_Party/FreeRTOS/Source/portable/GCC/ARM_CM3/port.o
 .debug_abbrev  0x0000304f      0x318 Middlewares/Third_Party/FreeRTOS/Source/portable/MemMang/heap_4.o
 .debug_abbrev  0x00003367       0x12 startup/startup_stm32f103xb.o

.debug_loc      0x00000000     0xf46d
 .debug_loc     0x00000000       0xdd Core/Src/main.o
 .debug_loc     0x000000dd       0xe8 Core/Src/stm32f1xx_hal_msp.o
 .debug_loc     0x000001c5       0x79 Core/Src/stm32f1xx_hal_timebase_tim.o
 .debug_loc     0x0000023e       0xdf Core/Src/system_stm32f1xx.o
 .debug_loc     0x0000031d      0x104 Drivers/STM32F1xx_HAL_Driver/Src/stm32f1xx_hal.o
 .debug_loc     0x00000421      0x9fa Drivers/STM32F1xx_HAL_Driver/Src/stm32f1xx_hal_adc.o
 .debug_loc     0x00000e1b      0xc41 Drivers/STM32F1xx_HAL_Driver/Src/stm32f1xx_hal_can.o
 .debug_loc     0x00001a5c      0x5ad Drivers/STM32F1xx_HAL_Driver/Src/stm32f1xx_hal_cortex.o
 .debug_loc     0x00002009      0x3b7 Drivers/STM32F1xx_HAL_Driver/Src/stm32f1xx_hal_gpio.o
 .debug_loc     0x000023c0      0x4bb Drivers/STM32F1xx_HAL_Driver/Src/stm32f1xx_hal_rcc.o
 .debug_loc     0x0000287b      0x2d0 Drivers/STM32F1xx_HAL_Driver/Src/stm32f1xx_hal_rcc_ex.o
 .debug_loc     0x00002b4b     0x38d5 Drivers/STM32F1xx_HAL_Driver/Src/stm32f1xx_hal_tim.o
 .debug_loc     0x00006420     0x119d Drivers/STM32F1xx_HAL_Driver/Src/stm32f1xx_hal_tim_ex.o
 .debug_loc     0x000075bd     0x3f51 Middlewares/Third_Party/FreeRTOS/Source/CMSIS_RTOS_V2/cmsis_os2.o
 .debug_loc     0x0000b50e       0x70 Middlewares/Third_Party/FreeRTOS/Source/list.o
 .debug_loc     0x0000b57e     0x140a Middlewares/Third_Party/FreeRTOS/Source/queue.o
 .debug_loc     0x0000c988     0x1b9d Middlewares/Third_Party/FreeRTOS/Source/tasks.o
 .debug_loc     0x0000e525      0xbe9 Middlewares/Third_Party/FreeRTOS/Source/timers.o
 .debug_loc     0x0000f10e       0xce Middlewares/Third_Party/FreeRTOS/Source/portable/GCC/ARM_CM3/port.o
 .debug_loc     0x0000f1dc      0x291 Middlewares/Third_Party/FreeRTOS/Source/portable/MemMang/heap_4.o

.debug_aranges  0x00000000     0x1290
 .debug_aranges
                0x00000000       0x78 Core/Src/main.o
 .debug_aranges
                0x00000078       0x40 Core/Src/stm32f1xx_hal_msp.o
 .debug_aranges
                0x000000b8       0x30 Core/Src/stm32f1xx_hal_timebase_tim.o
 .debug_aranges
                0x000000e8       0x50 Core/Src/stm32f1xx_it.o
 .debug_aranges
                0x00000138       0x28 Core/Src/system_stm32f1xx.o
 .debug_aranges
                0x00000160       0xe0 Drivers/STM32F1xx_HAL_Driver/Src/stm32f1xx_hal.o
 .debug_aranges
                0x00000240       0xf0 Drivers/STM32F1xx_HAL_Driver/Src/stm32f1xx_hal_adc.o
 .debug_aranges
                0x00000330      0x138 Drivers/STM32F1xx_HAL_Driver/Src/stm32f1xx_hal_can.o
 .debug_aranges
                0x00000468       0x90 Drivers/STM32F1xx_HAL_Driver/Src/stm32f1xx_hal_cortex.o
 .debug_aranges
                0x000004f8       0x58 Drivers/STM32F1xx_HAL_Driver/Src/stm32f1xx_hal_gpio.o
 .debug_aranges
                0x00000550       0x90 Drivers/STM32F1xx_HAL_Driver/Src/stm32f1xx_hal_rcc.o
 .debug_aranges
                0x000005e0       0x30 Drivers/STM32F1xx_HAL_Driver/Src/stm32f1xx_hal_rcc_ex.o
 .debug_aranges
                0x00000610      0x3a8 Drivers/STM32F1xx_HAL_Driver/Src/stm32f1xx_hal_tim.o
 .debug_aranges
                0x000009b8      0x150 Drivers/STM32F1xx_HAL_Driver/Src/stm32f1xx_hal_tim_ex.o
 .debug_aranges
                0x00000b08      0x228 Middlewares/Third_Party/FreeRTOS/Source/CMSIS_RTOS_V2/cmsis_os2.o
 .debug_aranges
                0x00000d30       0x40 Middlewares/Third_Party/FreeRTOS/Source/list.o
 .debug_aranges
                0x00000d70      0x158 Middlewares/Third_Party/FreeRTOS/Source/queue.o
 .debug_aranges
                0x00000ec8      0x1f8 Middlewares/Third_Party/FreeRTOS/Source/tasks.o
 .debug_aranges
                0x000010c0       0xe0 Middlewares/Third_Party/FreeRTOS/Source/timers.o
 .debug_aranges
                0x000011a0       0x78 Middlewares/Third_Party/FreeRTOS/Source/portable/GCC/ARM_CM3/port.o
 .debug_aranges
                0x00001218       0x50 Middlewares/Third_Party/FreeRTOS/Source/portable/MemMang/heap_4.o
 .debug_aranges
                0x00001268       0x28 startup/startup_stm32f103xb.o

.debug_ranges   0x00000000     0x1398
 .debug_ranges  0x00000000       0x68 Core/Src/main.o
 .debug_ranges  0x00000068       0x30 Core/Src/stm32f1xx_hal_msp.o
 .debug_ranges  0x00000098       0x20 Core/Src/stm32f1xx_hal_timebase_tim.o
 .debug_ranges  0x000000b8       0x40 Core/Src/stm32f1xx_it.o
 .debug_ranges  0x000000f8       0x18 Core/Src/system_stm32f1xx.o
 .debug_ranges  0x00000110       0xd0 Drivers/STM32F1xx_HAL_Driver/Src/stm32f1xx_hal.o
 .debug_ranges  0x000001e0       0xe0 Drivers/STM32F1xx_HAL_Driver/Src/stm32f1xx_hal_adc.o
 .debug_ranges  0x000002c0      0x128 Drivers/STM32F1xx_HAL_Driver/Src/stm32f1xx_hal_can.o
 .debug_ranges  0x000003e8       0xe0 Drivers/STM32F1xx_HAL_Driver/Src/stm32f1xx_hal_cortex.o
 .debug_ranges  0x000004c8       0x48 Drivers/STM32F1xx_HAL_Driver/Src/stm32f1xx_hal_gpio.o
 .debug_ranges  0x00000510       0xa0 Drivers/STM32F1xx_HAL_Driver/Src/stm32f1xx_hal_rcc.o
 .debug_ranges  0x000005b0       0x38 Drivers/STM32F1xx_HAL_Driver/Src/stm32f1xx_hal_rcc_ex.o
 .debug_ranges  0x000005e8      0x398 Drivers/STM32F1xx_HAL_Driver/Src/stm32f1xx_hal_tim.o
 .debug_ranges  0x00000980      0x140 Drivers/STM32F1xx_HAL_Driver/Src/stm32f1xx_hal_tim_ex.o
 .debug_ranges  0x00000ac0      0x218 Middlewares/Third_Party/FreeRTOS/Source/CMSIS_RTOS_V2/cmsis_os2.o
 .debug_ranges  0x00000cd8       0x30 Middlewares/Third_Party/FreeRTOS/Source/list.o
 .debug_ranges  0x00000d08      0x228 Middlewares/Third_Party/FreeRTOS/Source/queue.o
 .debug_ranges  0x00000f30      0x2d0 Middlewares/Third_Party/FreeRTOS/Source/tasks.o
 .debug_ranges  0x00001200       0xd0 Middlewares/Third_Party/FreeRTOS/Source/timers.o
 .debug_ranges  0x000012d0       0x68 Middlewares/Third_Party/FreeRTOS/Source/portable/GCC/ARM_CM3/port.o
 .debug_ranges  0x00001338       0x40 Middlewares/Third_Party/FreeRTOS/Source/portable/MemMang/heap_4.o
 .debug_ranges  0x00001378       0x20 startup/startup_stm32f103xb.o

.debug_macro    0x00000000     0x2bd5
 .debug_macro   0x00000000      0x235 Core/Src/main.o
 .debug_macro   0x00000235       0x5b Core/Src/main.o
 .debug_macro   0x00000290       0x74 Core/Src/main.o
 .debug_macro   0x00000304      0x122 Core/Src/main.o
 .debug_macro   0x00000426       0xdd Core/Src/main.o
 .debug_macro   0x00000503      0x1b8 Core/Src/stm32f1xx_hal_msp.o
 .debug_macro   0x000006bb      0x1ae Core/Src/stm32f1xx_hal_timebase_tim.o
 .debug_macro   0x00000869      0x22a Core/Src/stm32f1xx_it.o
 .debug_macro   0x00000a93      0x1b4 Core/Src/system_stm32f1xx.o
 .debug_macro   0x00000c47      0x1d2 Drivers/STM32F1xx_HAL_Driver/Src/stm32f1xx_hal.o
 .debug_macro   0x00000e19      0x1cb Drivers/STM32F1xx_HAL_Driver/Src/stm32f1xx_hal_adc.o
 .debug_macro   0x00000fe4      0x1b6 Drivers/STM32F1xx_HAL_Driver/Src/stm32f1xx_hal_can.o
 .debug_macro   0x0000119a      0x1ae Drivers/STM32F1xx_HAL_Driver/Src/stm32f1xx_hal_cortex.o
 .debug_macro   0x00001348      0x219 Drivers/STM32F1xx_HAL_Driver/Src/stm32f1xx_hal_gpio.o
 .debug_macro   0x00001561      0x1c0 Drivers/STM32F1xx_HAL_Driver/Src/stm32f1xx_hal_rcc.o
 .debug_macro   0x00001721      0x1ae Drivers/STM32F1xx_HAL_Driver/Src/stm32f1xx_hal_rcc_ex.o
 .debug_macro   0x000018cf      0x1af Drivers/STM32F1xx_HAL_Driver/Src/stm32f1xx_hal_tim.o
 .debug_macro   0x00001a7e      0x1ae Drivers/STM32F1xx_HAL_Driver/Src/stm32f1xx_hal_tim_ex.o
 .debug_macro   0x00001c2c      0x235 Middlewares/Third_Party/FreeRTOS/Source/CMSIS_RTOS_V2/cmsis_os2.o
 .debug_macro   0x00001e61       0x10 Middlewares/Third_Party/FreeRTOS/Source/CMSIS_RTOS_V2/cmsis_os2.o
 .debug_macro   0x00001e71       0x10 Middlewares/Third_Party/FreeRTOS/Source/CMSIS_RTOS_V2/cmsis_os2.o
 .debug_macro   0x00001e81       0xb7 Middlewares/Third_Party/FreeRTOS/Source/CMSIS_RTOS_V2/cmsis_os2.o
 .debug_macro   0x00001f38       0x91 Middlewares/Third_Party/FreeRTOS/Source/CMSIS_RTOS_V2/cmsis_os2.o
 .debug_macro   0x00001fc9       0x8d Middlewares/Third_Party/FreeRTOS/Source/CMSIS_RTOS_V2/cmsis_os2.o
 .debug_macro   0x00002056       0x9a Middlewares/Third_Party/FreeRTOS/Source/CMSIS_RTOS_V2/cmsis_os2.o
 .debug_macro   0x000020f0      0x17a Middlewares/Third_Party/FreeRTOS/Source/list.o
 .debug_macro   0x0000226a      0x200 Middlewares/Third_Party/FreeRTOS/Source/queue.o
 .debug_macro   0x0000246a       0x16 Middlewares/Third_Party/FreeRTOS/Source/queue.o
 .debug_macro   0x00002480      0x275 Middlewares/Third_Party/FreeRTOS/Source/tasks.o
 .debug_macro   0x000026f5       0x10 Middlewares/Third_Party/FreeRTOS/Source/tasks.o
 .debug_macro   0x00002705      0x1bd Middlewares/Third_Party/FreeRTOS/Source/timers.o
 .debug_macro   0x000028c2      0x172 Middlewares/Third_Party/FreeRTOS/Source/portable/GCC/ARM_CM3/port.o
 .debug_macro   0x00002a34      0x1a1 Middlewares/Third_Party/FreeRTOS/Source/portable/MemMang/heap_4.o

.debug_line     0x00000000     0xd9c2
 .debug_line    0x00000000      0x91f Core/Src/main.o
 .debug_line    0x0000091f      0x6b7 Core/Src/stm32f1xx_hal_msp.o
 .debug_line    0x00000fd6      0x674 Core/Src/stm32f1xx_hal_timebase_tim.o
 .debug_line    0x0000164a      0x804 Core/Src/stm32f1xx_it.o
 .debug_line    0x00001e4e      0x679 Core/Src/system_stm32f1xx.o
 .debug_line    0x000024c7      0x81b Drivers/STM32F1xx_HAL_Driver/Src/stm32f1xx_hal.o
 .debug_line    0x00002ce2      0xb8a Drivers/STM32F1xx_HAL_Driver/Src/stm32f1xx_hal_adc.o
 .debug_line    0x0000386c      0xb2d Drivers/STM32F1xx_HAL_Driver/Src/stm32f1xx_hal_can.o
 .debug_line    0x00004399      0x829 Drivers/STM32F1xx_HAL_Driver/Src/stm32f1xx_hal_cortex.o
 .debug_line    0x00004bc2      0x7ee Drivers/STM32F1xx_HAL_Driver/Src/stm32f1xx_hal_gpio.o
 .debug_line    0x000053b0      0x924 Drivers/STM32F1xx_HAL_Driver/Src/stm32f1xx_hal_rcc.o
 .debug_line    0x00005cd4      0x707 Drivers/STM32F1xx_HAL_Driver/Src/stm32f1xx_hal_rcc_ex.o
 .debug_line    0x000063db     0x176b Drivers/STM32F1xx_HAL_Driver/Src/stm32f1xx_hal_tim.o
 .debug_line    0x00007b46      0xc5a Drivers/STM32F1xx_HAL_Driver/Src/stm32f1xx_hal_tim_ex.o
 .debug_line    0x000087a0     0x18cf Middlewares/Third_Party/FreeRTOS/Source/CMSIS_RTOS_V2/cmsis_os2.o
 .debug_line    0x0000a06f      0x56d Middlewares/Third_Party/FreeRTOS/Source/list.o
 .debug_line    0x0000a5dc      0xd81 Middlewares/Third_Party/FreeRTOS/Source/queue.o
 .debug_line    0x0000b35d     0x117a Middlewares/Third_Party/FreeRTOS/Source/tasks.o
 .debug_line    0x0000c4d7      0x850 Middlewares/Third_Party/FreeRTOS/Source/timers.o
 .debug_line    0x0000cd27      0x5fc Middlewares/Third_Party/FreeRTOS/Source/portable/GCC/ARM_CM3/port.o
 .debug_line    0x0000d323      0x622 Middlewares/Third_Party/FreeRTOS/Source/portable/MemMang/heap_4.o
 .debug_line    0x0000d945       0x7d startup/startup_stm32f103xb.o

.debug_str      0x00000000    0x7f7ea
 .debug_str     0x00000000    0x73ccb Core/Src/main.o
                              0x74052 (size before relaxing)
 .debug_str     0x00073ccb      0x37e Core/Src/stm32f1xx_hal_msp.o
                              0x70253 (size before relaxing)
 .debug_str     0x00074049      0x111 Core/Src/stm32f1xx_hal_timebase_tim.o
                              0x70119 (size before relaxing)
 .debug_str     0x0007415a      0xde3 Core/Src/stm32f1xx_it.o
                              0x7361d (size before relaxing)
 .debug_str     0x00074f3d       0xc2 Core/Src/system_stm32f1xx.o
                              0x6f9bb (size before relaxing)
 .debug_str     0x00074fff      0x395 Drivers/STM32F1xx_HAL_Driver/Src/stm32f1xx_hal.o
                              0x70011 (size before relaxing)
 .debug_str     0x00075394      0x391 Drivers/STM32F1xx_HAL_Driver/Src/stm32f1xx_hal_adc.o
                              0x7003a (size before relaxing)
 .debug_str     0x00075725      0x4ae Drivers/STM32F1xx_HAL_Driver/Src/stm32f1xx_hal_can.o
                              0x7016d (size before relaxing)
 .debug_str     0x00075bd3      0x23f Drivers/STM32F1xx_HAL_Driver/Src/stm32f1xx_hal_cortex.o
                              0x6ffda (size before relaxing)
 .debug_str     0x00075e12      0x322 Drivers/STM32F1xx_HAL_Driver/Src/stm32f1xx_hal_gpio.o
                              0x6fd05 (size before relaxing)
 .debug_str     0x00076134      0x207 Drivers/STM32F1xx_HAL_Driver/Src/stm32f1xx_hal_rcc.o
                              0x6fd65 (size before relaxing)
 .debug_str     0x0007633b       0x84 Drivers/STM32F1xx_HAL_Driver/Src/stm32f1xx_hal_rcc_ex.o
                              0x6faec (size before relaxing)
 .debug_str     0x000763bf      0xdd7 Drivers/STM32F1xx_HAL_Driver/Src/stm32f1xx_hal_tim.o
                              0x70b5c (size before relaxing)
 .debug_str     0x00077196      0x548 Drivers/STM32F1xx_HAL_Driver/Src/stm32f1xx_hal_tim_ex.o
                              0x70374 (size before relaxing)
 .debug_str     0x000776de     0x57bb Middlewares/Third_Party/FreeRTOS/Source/CMSIS_RTOS_V2/cmsis_os2.o
                               0xde52 (size before relaxing)
 .debug_str     0x0007ce99      0x225 Middlewares/Third_Party/FreeRTOS/Source/list.o
                               0xa002 (size before relaxing)
 .debug_str     0x0007d0be      0x86c Middlewares/Third_Party/FreeRTOS/Source/queue.o
                               0xb9ac (size before relaxing)
 .debug_str     0x0007d92a     0x10af Middlewares/Third_Party/FreeRTOS/Source/tasks.o
                               0xc50c (size before relaxing)
 .debug_str     0x0007e9d9      0x50c Middlewares/Third_Party/FreeRTOS/Source/timers.o
                               0xbec2 (size before relaxing)
 .debug_str     0x0007eee5      0x66e Middlewares/Third_Party/FreeRTOS/Source/portable/GCC/ARM_CM3/port.o
                               0x8002 (size before relaxing)
 .debug_str     0x0007f553      0x23a Middlewares/Third_Party/FreeRTOS/Source/portable/MemMang/heap_4.o
                               0xa744 (size before relaxing)
 .debug_str     0x0007f78d       0x5d startup/startup_stm32f103xb.o

.comment        0x00000000       0x7f
 .comment       0x00000000       0x7f Core/Src/main.o
                                 0x80 (size before relaxing)
 .comment       0x0000007f       0x80 Core/Src/stm32f1xx_hal_msp.o
 .comment       0x0000007f       0x80 Core/Src/stm32f1xx_hal_timebase_tim.o
 .comment       0x0000007f       0x80 Core/Src/stm32f1xx_it.o
 .comment       0x0000007f       0x80 Core/Src/system_stm32f1xx.o
 .comment       0x0000007f       0x80 Drivers/STM32F1xx_HAL_Driver/Src/stm32f1xx_hal.o
 .comment       0x0000007f       0x80 Drivers/STM32F1xx_HAL_Driver/Src/stm32f1xx_hal_adc.o
 .comment       0x0000007f       0x80 Drivers/STM32F1xx_HAL_Driver/Src/stm32f1xx_hal_can.o
 .comment       0x0000007f       0x80 Drivers/STM32F1xx_HAL_Driver/Src/stm32f1xx_hal_cortex.o
 .comment       0x0000007f       0x80 Drivers/STM32F1xx_HAL_Driver/Src/stm32f1xx_hal_gpio.o
 .comment       0x0000007f       0x80 Drivers/STM32F1xx_HAL_Driver/Src/stm32f1xx_hal_rcc.o
 .comment       0x0000007f       0x80 Drivers/STM32F1xx_HAL_Driver/Src/stm32f1xx_hal_rcc_ex.o
 .comment       0x0000007f       0x80 Drivers/STM32F1xx_HAL_Driver/Src/stm32f1xx_hal_tim.o
 .comment       0x0000007f       0x80 Drivers/STM32F1xx_HAL_Driver/Src/stm32f1xx_hal_tim_ex.o
 .comment       0x0000007f       0x80 Middlewares/Third_Party/FreeRTOS/Source/CMSIS_RTOS_V2/cmsis_os2.o
 .comment       0x0000007f       0x80 Middlewares/Third_Party/FreeRTOS/Source/list.o
 .comment       0x0000007f       0x80 Middlewares/Third_Party/FreeRTOS/Source/queue.o
 .comment       0x0000007f       0x80 Middlewares/Third_Party/FreeRTOS/Source/tasks.o
 .comment       0x0000007f       0x80 Middlewares/Third_Party/FreeRTOS/Source/timers.o
 .comment       0x0000007f       0x80 Middlewares/Third_Party/FreeRTOS/Source/portable/GCC/ARM_CM3/port.o
 .comment       0x0000007f       0x80 Middlewares/Third_Party/FreeRTOS/Source/portable/MemMang/heap_4.o

.debug_frame    0x00000000     0x3424
 .debug_frame   0x00000000      0x148 Core/Src/main.o
 .debug_frame   0x00000148       0xa0 Core/Src/stm32f1xx_hal_msp.o
 .debug_frame   0x000001e8       0x50 Core/Src/stm32f1xx_hal_timebase_tim.o
 .debug_frame   0x00000238       0x88 Core/Src/stm32f1xx_it.o
 .debug_frame   0x000002c0       0x30 Core/Src/system_stm32f1xx.o
 .debug_frame   0x000002f0      0x1d0 Drivers/STM32F1xx_HAL_Driver/Src/stm32f1xx_hal.o
 .debug_frame   0x000004c0      0x2c4 Drivers/STM32F1xx_HAL_Driver/Src/stm32f1xx_hal_adc.o
 .debug_frame   0x00000784      0x2e4 Drivers/STM32F1xx_HAL_Driver/Src/stm32f1xx_hal_can.o
 .debug_frame   0x00000a68      0x12c Drivers/STM32F1xx_HAL_Driver/Src/stm32f1xx_hal_cortex.o
 .debug_frame   0x00000b94       0xe8 Drivers/STM32F1xx_HAL_Driver/Src/stm32f1xx_hal_gpio.o
 .debug_frame   0x00000c7c      0x198 Drivers/STM32F1xx_HAL_Driver/Src/stm32f1xx_hal_rcc.o
 .debug_frame   0x00000e14       0x6c Drivers/STM32F1xx_HAL_Driver/Src/stm32f1xx_hal_rcc_ex.o
 .debug_frame   0x00000e80      0xa90 Drivers/STM32F1xx_HAL_Driver/Src/stm32f1xx_hal_tim.o
 .debug_frame   0x00001910      0x3b8 Drivers/STM32F1xx_HAL_Driver/Src/stm32f1xx_hal_tim_ex.o
 .debug_frame   0x00001cc8      0x7a0 Middlewares/Third_Party/FreeRTOS/Source/CMSIS_RTOS_V2/cmsis_os2.o
 .debug_frame   0x00002468       0x6c Middlewares/Third_Party/FreeRTOS/Source/list.o
 .debug_frame   0x000024d4      0x434 Middlewares/Third_Party/FreeRTOS/Source/queue.o
 .debug_frame   0x00002908      0x644 Middlewares/Third_Party/FreeRTOS/Source/tasks.o
 .debug_frame   0x00002f4c      0x2c8 Middlewares/Third_Party/FreeRTOS/Source/timers.o
 .debug_frame   0x00003214       0xf0 Middlewares/Third_Party/FreeRTOS/Source/portable/GCC/ARM_CM3/port.o
 .debug_frame   0x00003304       0xac Middlewares/Third_Party/FreeRTOS/Source/portable/MemMang/heap_4.o
 .debug_frame   0x000033b0       0x2c c:/ac6/systemworkbench/plugins/fr.ac6.mcu.externaltools.arm-none.win32_1.17.0.201812190825/tools/compiler/bin/../lib/gcc/arm-none-eabi/7.3.1/../../../../arm-none-eabi/lib/thumb/v7-m\libc_nano.a(lib_a-init.o)
 .debug_frame   0x000033dc       0x28 c:/ac6/systemworkbench/plugins/fr.ac6.mcu.externaltools.arm-none.win32_1.17.0.201812190825/tools/compiler/bin/../lib/gcc/arm-none-eabi/7.3.1/../../../../arm-none-eabi/lib/thumb/v7-m\libc_nano.a(lib_a-memcpy-stub.o)
 .debug_frame   0x00003404       0x20 c:/ac6/systemworkbench/plugins/fr.ac6.mcu.externaltools.arm-none.win32_1.17.0.201812190825/tools/compiler/bin/../lib/gcc/arm-none-eabi/7.3.1/../../../../arm-none-eabi/lib/thumb/v7-m\libc_nano.a(lib_a-memset.o)
